2025-09-15 06:49:32,428 INFO Testing logger
2025-09-15 06:49:38,468 ERROR Configuration error: WHATSAPP_API_TOKEN environment variable is required for WhatsApp functionality.
2025-09-15 06:49:44,171 ERROR Configuration error: GITHUB_API_TOKEN environment variable is required for GitHub functionality.
2025-09-15 06:49:44,171 ERROR Please set GITHUB_API_TOKEN in your .env file
2025-09-15 06:50:14,935 INFO 🎭 GitHub Repository Management Demo (Simulation Mode)
2025-09-15 06:50:14,935 INFO ============================================================
2025-09-15 06:50:14,935 INFO ⚠️  No GITHUB_API_TOKEN found - Running in simulation mode
2025-09-15 06:50:14,935 INFO 
2025-09-15 06:50:14,935 INFO 🔧 Available GitHub API Methods:
2025-09-15 06:50:14,935 INFO   📝 create_repository(name, description, private=False)
2025-09-15 06:50:14,935 INFO   📋 list_repositories(per_page=30, page=1)
2025-09-15 06:50:14,935 INFO   👤 get_user_info()
2025-09-15 06:50:14,935 INFO 
2025-09-15 06:50:14,935 INFO 📋 Example Usage:
2025-09-15 06:50:14,935 INFO   # Create a new repository
2025-09-15 06:50:14,935 INFO   github_api = GitHubAPI()
2025-09-15 06:50:14,935 INFO   repo = github_api.create_repository(
2025-09-15 06:50:14,935 INFO       name='my-awesome-project',
2025-09-15 06:50:14,936 INFO       description='A cool project created via API',
2025-09-15 06:50:14,936 INFO       private=False
2025-09-15 06:50:14,936 INFO   )
2025-09-15 06:50:14,936 INFO 
2025-09-15 06:50:14,936 INFO 🔑 To use real GitHub API:
2025-09-15 06:50:14,936 INFO   1. Get a GitHub Personal Access Token
2025-09-15 06:50:14,936 INFO   2. Add GITHUB_API_TOKEN=your_token to .env file
2025-09-15 06:50:14,936 INFO   3. Run this demo again
2025-09-15 06:50:14,936 INFO 
============================================================
2025-09-15 06:50:14,936 INFO ✅ Demo completed successfully!
